Copyright 1986-2018 Xilinx, Inc. All Rights Reserved.
-----------------------------------------------------------------------------------------------------
| Tool Version : Vivado v.2018.3 (win64) Build 2405991 Thu Dec  6 23:38:27 MST 2018
| Date         : Tue May  5 15:40:15 2026
| Host         : kaiden running 64-bit major release  (build 9200)
| Command      : report_control_sets -verbose -file master_ip_system_wrapper_control_sets_placed.rpt
| Design       : master_ip_system_wrapper
| Device       : xc7z020
-----------------------------------------------------------------------------------------------------

Control Set Information

Table of Contents
-----------------
1. Summary
2. Histogram
3. Flip-Flop Distribution
4. Detailed Control Set Information

1. Summary
----------

+----------------------------------------------------------+-------+
|                          Status                          | Count |
+----------------------------------------------------------+-------+
| Number of unique control sets                            |    77 |
| Unused register locations in slices containing registers |   247 |
+----------------------------------------------------------+-------+


2. Histogram
------------

+--------+--------------+
| Fanout | Control Sets |
+--------+--------------+
|      1 |            5 |
|      2 |            2 |
|      4 |           11 |
|      5 |           10 |
|      6 |            3 |
|      7 |            1 |
|      8 |           13 |
|      9 |            2 |
|     10 |            8 |
|     12 |            3 |
|     13 |            2 |
|     14 |            2 |
|    16+ |           15 |
+--------+--------------+


3. Flip-Flop Distribution
-------------------------

+--------------+-----------------------+------------------------+-----------------+--------------+
| Clock Enable | Synchronous Set/Reset | Asynchronous Set/Reset | Total Registers | Total Slices |
+--------------+-----------------------+------------------------+-----------------+--------------+
| No           | No                    | No                     |             131 |           37 |
| No           | No                    | Yes                    |              42 |           10 |
| No           | Yes                   | No                     |              78 |           37 |
| Yes          | No                    | No                     |             308 |           73 |
| Yes          | No                    | Yes                    |              60 |           14 |
| Yes          | Yes                   | No                     |             214 |           56 |
+--------------+-----------------------+------------------------+-----------------+--------------+


4. Detailed Control Set Information
-----------------------------------

+---------------------------------------------------------+----------------------------------------------------------------------------------------------------------------------------------------------------------------------------------------------------------------------------------------------------------------------+---------------------------------------------------------------------------------------------------------------------------------------------------------------------------------------------------------------------------------------------------------------------------------------+------------------+----------------+
|                       Clock Signal                      |                                                                                                                             Enable Signal                                                                                                                            |                                                                                                                                    Set/Reset Signal                                                                                                                                   | Slice Load Count | Bel Load Count |
+---------------------------------------------------------+----------------------------------------------------------------------------------------------------------------------------------------------------------------------------------------------------------------------------------------------------------------------+---------------------------------------------------------------------------------------------------------------------------------------------------------------------------------------------------------------------------------------------------------------------------------------+------------------+----------------+
|  master_ip_system_i/processing_system7_0/inst/FCLK_CLK0 |                                                                                                                                                                                                                                                                      | master_ip_system_i/Lab2_master_ip_0/inst/Lab2_master_ip_v1_0_M00_AXI_inst/axi_bready_i_1_n_0                                                                                                                                                                                          |                1 |              1 |
|  master_ip_system_i/processing_system7_0/inst/FCLK_CLK0 | master_ip_system_i/axi_mem_intercon/s00_couplers/auto_us/inst/gen_upsizer.gen_full_upsizer.axi_upsizer_inst/USE_WRITE.write_addr_inst/GEN_CMD_QUEUE.cmd_queue/M_READY_I                                                                                              | master_ip_system_i/axi_mem_intercon/s00_couplers/auto_us/inst/gen_upsizer.gen_full_upsizer.axi_upsizer_inst/USE_WRITE.gen_non_fifo_w_upsizer.write_data_inst/s_axi_aresetn                                                                                                            |                1 |              1 |
|  master_ip_system_i/processing_system7_0/inst/FCLK_CLK0 | master_ip_system_i/axi_mem_intercon/s00_couplers/auto_us/inst/gen_upsizer.gen_full_upsizer.axi_upsizer_inst/USE_READ.read_addr_inst/GEN_CMD_QUEUE.cmd_queue/s_axi_rready_0[0]                                                                                        |                                                                                                                                                                                                                                                                                       |                1 |              1 |
|  master_ip_system_i/processing_system7_0/inst/FCLK_CLK0 | master_ip_system_i/axi_mem_intercon/s00_couplers/auto_us/inst/gen_upsizer.gen_full_upsizer.axi_upsizer_inst/USE_READ.gen_non_fifo_r_upsizer.mi_register_slice_inst/r.r_pipe/s_ready_i_reg_0                                                                          |                                                                                                                                                                                                                                                                                       |                1 |              1 |
|  master_ip_system_i/processing_system7_0/inst/FCLK_CLK0 | master_ip_system_i/ps7_0_axi_periph/s00_couplers/auto_pc/inst/gen_axilite.gen_b2s_conv.axilite_b2s/WR.aw_channel_0/aw_cmd_fsm_0/m_axi_awready_1                                                                                                                      | master_ip_system_i/ps7_0_axi_periph/s00_couplers/auto_pc/inst/gen_axilite.gen_b2s_conv.axilite_b2s/WR.aw_channel_0/aw_cmd_fsm_0/m_axi_awready_0                                                                                                                                       |                1 |              1 |
|  master_ip_system_i/processing_system7_0/inst/FCLK_CLK0 | master_ip_system_i/ps7_0_axi_periph/s00_couplers/auto_pc/inst/gen_axilite.gen_b2s_conv.axilite_b2s/WR.b_channel_0/bid_fifo_0/sel                                                                                                                                     |                                                                                                                                                                                                                                                                                       |                1 |              2 |
|  master_ip_system_i/processing_system7_0/inst/FCLK_CLK0 | master_ip_system_i/axi_mem_intercon/s00_couplers/auto_pc/inst/gen_axi4_axi3.axi3_conv_inst/USE_READ.USE_SPLIT_R.read_addr_inst/USE_R_CHANNEL.cmd_queue/inst/fifo_gen_inst/inst_fifo_gen/gconvfifo.rf/grf.rf/gntv_or_sync_fifo.gl0.wr/gwss.wsts/E[0]                  |                                                                                                                                                                                                                                                                                       |                1 |              2 |
|  master_ip_system_i/processing_system7_0/inst/FCLK_CLK0 |                                                                                                                                                                                                                                                                      | master_ip_system_i/ps7_0_axi_periph/s00_couplers/auto_pc/inst/gen_axilite.gen_b2s_conv.axilite_b2s/SI_REG/ar.ar_pipe/aresetn_d_reg[1]_inv_0                                                                                                                                           |                2 |              4 |
|  master_ip_system_i/processing_system7_0/inst/FCLK_CLK0 | master_ip_system_i/axi_mem_intercon/s00_couplers/auto_pc/inst/gen_axi4_axi3.axi3_conv_inst/USE_WRITE.write_addr_inst/USE_BURSTS.cmd_queue/inst/fifo_gen_inst/inst_fifo_gen/gconvfifo.rf/grf.rf/gntv_or_sync_fifo.gl0.rd/gr1.gr1_int.rfwft/E[0]                       |                                                                                                                                                                                                                                                                                       |                1 |              4 |
|  master_ip_system_i/processing_system7_0/inst/FCLK_CLK0 |                                                                                                                                                                                                                                                                      | master_ip_system_i/rst_ps7_0_100M/U0/EXT_LPF/lpf_int                                                                                                                                                                                                                                  |                1 |              4 |
|  master_ip_system_i/processing_system7_0/inst/FCLK_CLK0 | master_ip_system_i/axi_mem_intercon/s00_couplers/auto_pc/inst/gen_axi4_axi3.axi3_conv_inst/USE_READ.USE_SPLIT_R.read_addr_inst/USE_R_CHANNEL.cmd_queue/inst/E[0]                                                                                                     | master_ip_system_i/axi_mem_intercon/s00_couplers/auto_pc/inst/gen_axi4_axi3.axi3_conv_inst/USE_READ.USE_SPLIT_R.read_addr_inst/pushed_commands[3]_i_1__0_n_0                                                                                                                          |                2 |              4 |
|  master_ip_system_i/processing_system7_0/inst/FCLK_CLK0 | master_ip_system_i/axi_mem_intercon/s00_couplers/auto_pc/inst/gen_axi4_axi3.axi3_conv_inst/USE_WRITE.write_addr_inst/USE_BURSTS.cmd_queue/inst/fifo_gen_inst/inst_fifo_gen/gconvfifo.rf/grf.rf/rstblk/E[0]                                                           |                                                                                                                                                                                                                                                                                       |                1 |              4 |
|  master_ip_system_i/processing_system7_0/inst/FCLK_CLK0 | master_ip_system_i/ps7_0_axi_periph/s00_couplers/auto_pc/inst/gen_axilite.gen_b2s_conv.axilite_b2s/RD.ar_channel_0/ar_cmd_fsm_0/E[0]                                                                                                                                 |                                                                                                                                                                                                                                                                                       |                2 |              4 |
|  master_ip_system_i/processing_system7_0/inst/FCLK_CLK0 |                                                                                                                                                                                                                                                                      | master_ip_system_i/ps7_0_axi_periph/s00_couplers/auto_pc/inst/gen_axilite.gen_b2s_conv.axilite_b2s/SI_REG/aw.aw_pipe/aresetn_d_reg[0]_0                                                                                                                                               |                2 |              4 |
|  master_ip_system_i/processing_system7_0/inst/FCLK_CLK0 | master_ip_system_i/axi_mem_intercon/s00_couplers/auto_pc/inst/gen_axi4_axi3.axi3_conv_inst/USE_WRITE.write_addr_inst/USE_B_CHANNEL.cmd_b_queue/inst/m_axi_awready_0[0]                                                                                               | master_ip_system_i/axi_mem_intercon/s00_couplers/auto_pc/inst/gen_axi4_axi3.axi3_conv_inst/USE_WRITE.write_addr_inst/pushed_commands[3]_i_1_n_0                                                                                                                                       |                2 |              4 |
|  master_ip_system_i/processing_system7_0/inst/FCLK_CLK0 | master_ip_system_i/ps7_0_axi_periph/s00_couplers/auto_pc/inst/gen_axilite.gen_b2s_conv.axilite_b2s/RD.ar_channel_0/ar_cmd_fsm_0/sel_first_reg[0]                                                                                                                     |                                                                                                                                                                                                                                                                                       |                1 |              4 |
|  master_ip_system_i/processing_system7_0/inst/FCLK_CLK0 | master_ip_system_i/ps7_0_axi_periph/s00_couplers/auto_pc/inst/gen_axilite.gen_b2s_conv.axilite_b2s/WR.aw_channel_0/cmd_translator_0/incr_cmd_0/axaddr_incr[11]_i_1_n_0                                                                                               |                                                                                                                                                                                                                                                                                       |                1 |              4 |
|  master_ip_system_i/processing_system7_0/inst/FCLK_CLK0 | master_ip_system_i/ps7_0_axi_periph/s00_couplers/auto_pc/inst/gen_axilite.gen_b2s_conv.axilite_b2s/WR.aw_channel_0/aw_cmd_fsm_0/E[0]                                                                                                                                 |                                                                                                                                                                                                                                                                                       |                2 |              4 |
|  master_ip_system_i/processing_system7_0/inst/FCLK_CLK0 | master_ip_system_i/axi_mem_intercon/s00_couplers/auto_pc/inst/gen_axi4_axi3.axi3_conv_inst/USE_WRITE.USE_SPLIT_W.write_resp_inst/p_2_in                                                                                                                              | master_ip_system_i/axi_mem_intercon/s00_couplers/auto_pc/inst/gen_axi4_axi3.axi3_conv_inst/USE_WRITE.write_addr_inst/USE_BURSTS.cmd_queue/inst/SR[0]                                                                                                                                  |                1 |              5 |
|  master_ip_system_i/processing_system7_0/inst/FCLK_CLK0 | master_ip_system_i/axi_mem_intercon/s00_couplers/auto_us/inst/gen_upsizer.gen_full_upsizer.axi_upsizer_inst/USE_READ.read_addr_inst/GEN_CMD_QUEUE.cmd_queue/USE_RTL_ADDR.addr_q                                                                                      | master_ip_system_i/axi_mem_intercon/s00_couplers/auto_us/inst/gen_upsizer.gen_full_upsizer.axi_upsizer_inst/USE_WRITE.gen_non_fifo_w_upsizer.write_data_inst/s_axi_aresetn                                                                                                            |                1 |              5 |
|  master_ip_system_i/processing_system7_0/inst/FCLK_CLK0 | master_ip_system_i/axi_mem_intercon/s00_couplers/auto_us/inst/gen_upsizer.gen_full_upsizer.axi_upsizer_inst/USE_READ.read_addr_inst/gen_id_queue.id_queue/USE_RTL_ADDR.addr_q                                                                                        | master_ip_system_i/axi_mem_intercon/s00_couplers/auto_us/inst/gen_upsizer.gen_full_upsizer.axi_upsizer_inst/USE_WRITE.gen_non_fifo_w_upsizer.write_data_inst/s_axi_aresetn                                                                                                            |                2 |              5 |
|  master_ip_system_i/processing_system7_0/inst/FCLK_CLK0 | master_ip_system_i/axi_mem_intercon/s00_couplers/auto_us/inst/gen_upsizer.gen_full_upsizer.axi_upsizer_inst/USE_WRITE.write_addr_inst/GEN_CMD_QUEUE.cmd_queue/USE_RTL_ADDR.addr_q                                                                                    | master_ip_system_i/axi_mem_intercon/s00_couplers/auto_us/inst/gen_upsizer.gen_full_upsizer.axi_upsizer_inst/USE_WRITE.gen_non_fifo_w_upsizer.write_data_inst/s_axi_aresetn                                                                                                            |                1 |              5 |
|  master_ip_system_i/processing_system7_0/inst/FCLK_CLK0 | master_ip_system_i/axi_mem_intercon/s00_couplers/auto_us/inst/gen_upsizer.gen_full_upsizer.axi_upsizer_inst/USE_WRITE.write_addr_inst/gen_id_queue.id_queue/USE_RTL_ADDR.addr_q                                                                                      | master_ip_system_i/axi_mem_intercon/s00_couplers/auto_us/inst/gen_upsizer.gen_full_upsizer.axi_upsizer_inst/USE_WRITE.gen_non_fifo_w_upsizer.write_data_inst/s_axi_aresetn                                                                                                            |                2 |              5 |
|  master_ip_system_i/processing_system7_0/inst/FCLK_CLK0 | master_ip_system_i/ps7_0_axi_periph/s00_couplers/auto_pc/inst/gen_axilite.gen_b2s_conv.axilite_b2s/RD.r_channel_0/rd_data_fifo_0/cnt_read[4]_i_1_n_0                                                                                                                 | master_ip_system_i/ps7_0_axi_periph/s00_couplers/auto_pc/inst/gen_axilite.gen_b2s_conv.axilite_b2s/areset_d1                                                                                                                                                                          |                2 |              5 |
|  master_ip_system_i/processing_system7_0/inst/FCLK_CLK0 | master_ip_system_i/ps7_0_axi_periph/s00_couplers/auto_pc/inst/gen_axilite.gen_b2s_conv.axilite_b2s/RD.r_channel_0/rd_data_fifo_0/E[0]                                                                                                                                | master_ip_system_i/ps7_0_axi_periph/s00_couplers/auto_pc/inst/gen_axilite.gen_b2s_conv.axilite_b2s/areset_d1                                                                                                                                                                          |                2 |              5 |
|  master_ip_system_i/processing_system7_0/inst/FCLK_CLK0 | master_ip_system_i/axi_mem_intercon/s00_couplers/auto_pc/inst/gen_axi4_axi3.axi3_conv_inst/USE_WRITE.write_addr_inst/USE_B_CHANNEL.cmd_b_queue/inst/fifo_gen_inst/inst_fifo_gen/gconvfifo.rf/grf.rf/gntv_or_sync_fifo.gl0.rd/gr1.gr1_int.rfwft/E[0]                  |                                                                                                                                                                                                                                                                                       |                1 |              5 |
|  master_ip_system_i/processing_system7_0/inst/FCLK_CLK0 | master_ip_system_i/ps7_0_axi_periph/s00_couplers/auto_pc/inst/gen_axilite.gen_b2s_conv.axilite_b2s/RD.ar_channel_0/ar_cmd_fsm_0/m_valid_i_reg                                                                                                                        | master_ip_system_i/ps7_0_axi_periph/s00_couplers/auto_pc/inst/gen_axilite.gen_b2s_conv.axilite_b2s/RD.ar_channel_0/ar_cmd_fsm_0/FSM_sequential_state_reg[0]_0                                                                                                                         |                2 |              5 |
|  master_ip_system_i/processing_system7_0/inst/FCLK_CLK0 | master_ip_system_i/axi_mem_intercon/s00_couplers/auto_pc/inst/gen_axi4_axi3.axi3_conv_inst/USE_WRITE.write_addr_inst/USE_B_CHANNEL.cmd_b_queue/inst/fifo_gen_inst/inst_fifo_gen/gconvfifo.rf/grf.rf/rstblk/E[0]                                                      |                                                                                                                                                                                                                                                                                       |                1 |              5 |
|  master_ip_system_i/processing_system7_0/inst/FCLK_CLK0 | master_ip_system_i/axi_mem_intercon/s00_couplers/auto_pc/inst/gen_axi4_axi3.axi3_conv_inst/USE_WRITE.write_addr_inst/USE_B_CHANNEL.cmd_b_queue/inst/E[0]                                                                                                             | master_ip_system_i/axi_mem_intercon/s00_couplers/auto_pc/inst/gen_axi4_axi3.axi3_conv_inst/USE_WRITE.write_addr_inst/USE_BURSTS.cmd_queue/inst/SR[0]                                                                                                                                  |                2 |              6 |
|  master_ip_system_i/processing_system7_0/inst/FCLK_CLK0 | master_ip_system_i/rst_ps7_0_100M/U0/SEQ/seq_cnt_en                                                                                                                                                                                                                  | master_ip_system_i/rst_ps7_0_100M/U0/SEQ/SEQ_COUNTER/clear                                                                                                                                                                                                                            |                1 |              6 |
|  master_ip_system_i/processing_system7_0/inst/FCLK_CLK0 | master_ip_system_i/axi_mem_intercon/s00_couplers/auto_pc/inst/gen_axi4_axi3.axi3_conv_inst/USE_READ.USE_SPLIT_R.read_addr_inst/USE_R_CHANNEL.cmd_queue/inst/m_axi_rlast_0[0]                                                                                         | master_ip_system_i/axi_mem_intercon/s00_couplers/auto_pc/inst/gen_axi4_axi3.axi3_conv_inst/USE_WRITE.write_addr_inst/USE_BURSTS.cmd_queue/inst/SR[0]                                                                                                                                  |                2 |              6 |
|  master_ip_system_i/processing_system7_0/inst/FCLK_CLK0 | master_ip_system_i/axi_mem_intercon/s00_couplers/auto_us/inst/gen_upsizer.gen_full_upsizer.axi_upsizer_inst/USE_READ.gen_non_fifo_r_upsizer.read_data_inst/E[0]                                                                                                      | master_ip_system_i/axi_mem_intercon/s00_couplers/auto_us/inst/gen_upsizer.gen_full_upsizer.axi_upsizer_inst/USE_WRITE.gen_non_fifo_w_upsizer.write_data_inst/s_axi_aresetn                                                                                                            |                3 |              7 |
|  master_ip_system_i/processing_system7_0/inst/FCLK_CLK0 | master_ip_system_i/Lab2_master_ip_0/inst/Lab2_master_ip_v1_0_S00_AXI_inst/p_1_in[15]                                                                                                                                                                                 | master_ip_system_i/Lab2_master_ip_0/inst/Lab2_master_ip_v1_0_S00_AXI_inst/axi_awready_i_1_n_0                                                                                                                                                                                         |                1 |              8 |
|  master_ip_system_i/processing_system7_0/inst/FCLK_CLK0 | master_ip_system_i/axi_mem_intercon/s00_couplers/auto_pc/inst/gen_axi4_axi3.axi3_conv_inst/USE_WRITE.write_addr_inst/USE_BURSTS.cmd_queue/inst/fifo_gen_inst/inst_fifo_gen/gconvfifo.rf/grf.rf/gntv_or_sync_fifo.gl0.wr/gwss.wsts/E[0]                               |                                                                                                                                                                                                                                                                                       |                1 |              8 |
|  master_ip_system_i/processing_system7_0/inst/FCLK_CLK0 | master_ip_system_i/axi_mem_intercon/s00_couplers/auto_pc/inst/gen_axi4_axi3.axi3_conv_inst/USE_WRITE.write_addr_inst/USE_B_CHANNEL.cmd_b_queue/inst/fifo_gen_inst/inst_fifo_gen/gconvfifo.rf/grf.rf/gntv_or_sync_fifo.gl0.wr/gwss.wsts/E[0]                          |                                                                                                                                                                                                                                                                                       |                1 |              8 |
|  master_ip_system_i/processing_system7_0/inst/FCLK_CLK0 | master_ip_system_i/Lab2_master_ip_0/inst/Lab2_master_ip_v1_0_S00_AXI_inst/p_1_in[23]                                                                                                                                                                                 | master_ip_system_i/Lab2_master_ip_0/inst/Lab2_master_ip_v1_0_S00_AXI_inst/axi_awready_i_1_n_0                                                                                                                                                                                         |                1 |              8 |
|  master_ip_system_i/processing_system7_0/inst/FCLK_CLK0 | master_ip_system_i/ps7_0_axi_periph/s00_couplers/auto_pc/inst/gen_axilite.gen_b2s_conv.axilite_b2s/WR.b_channel_0/mhandshake_r                                                                                                                                       | master_ip_system_i/ps7_0_axi_periph/s00_couplers/auto_pc/inst/gen_axilite.gen_b2s_conv.axilite_b2s/WR.b_channel_0/bid_fifo_0/SR[0]                                                                                                                                                    |                3 |              8 |
|  master_ip_system_i/processing_system7_0/inst/FCLK_CLK0 | master_ip_system_i/Lab2_master_ip_0/inst/Lab2_master_ip_v1_0_S00_AXI_inst/slv_reg3[15]_i_1_n_0                                                                                                                                                                       | master_ip_system_i/Lab2_master_ip_0/inst/Lab2_master_ip_v1_0_S00_AXI_inst/axi_awready_i_1_n_0                                                                                                                                                                                         |                1 |              8 |
|  master_ip_system_i/processing_system7_0/inst/FCLK_CLK0 | master_ip_system_i/Lab2_master_ip_0/inst/Lab2_master_ip_v1_0_S00_AXI_inst/slv_reg3[23]_i_1_n_0                                                                                                                                                                       | master_ip_system_i/Lab2_master_ip_0/inst/Lab2_master_ip_v1_0_S00_AXI_inst/axi_awready_i_1_n_0                                                                                                                                                                                         |                1 |              8 |
|  master_ip_system_i/processing_system7_0/inst/FCLK_CLK0 | master_ip_system_i/Lab2_master_ip_0/inst/Lab2_master_ip_v1_0_S00_AXI_inst/slv_reg3[31]_i_1_n_0                                                                                                                                                                       | master_ip_system_i/Lab2_master_ip_0/inst/Lab2_master_ip_v1_0_S00_AXI_inst/axi_awready_i_1_n_0                                                                                                                                                                                         |                1 |              8 |
|  master_ip_system_i/processing_system7_0/inst/FCLK_CLK0 | master_ip_system_i/Lab2_master_ip_0/inst/Lab2_master_ip_v1_0_S00_AXI_inst/slv_reg3[7]_i_1_n_0                                                                                                                                                                        | master_ip_system_i/Lab2_master_ip_0/inst/Lab2_master_ip_v1_0_S00_AXI_inst/axi_awready_i_1_n_0                                                                                                                                                                                         |                1 |              8 |
|  master_ip_system_i/processing_system7_0/inst/FCLK_CLK0 | master_ip_system_i/axi_mem_intercon/s00_couplers/auto_us/inst/gen_upsizer.gen_full_upsizer.axi_upsizer_inst/si_register_slice_inst/aw.aw_pipe/m_payload_i[31]_i_1_n_0                                                                                                |                                                                                                                                                                                                                                                                                       |                2 |              8 |
|  master_ip_system_i/processing_system7_0/inst/FCLK_CLK0 | master_ip_system_i/Lab2_master_ip_0/inst/Lab2_master_ip_v1_0_S00_AXI_inst/p_1_in[31]                                                                                                                                                                                 | master_ip_system_i/Lab2_master_ip_0/inst/Lab2_master_ip_v1_0_S00_AXI_inst/axi_awready_i_1_n_0                                                                                                                                                                                         |                1 |              8 |
|  master_ip_system_i/processing_system7_0/inst/FCLK_CLK0 | master_ip_system_i/Lab2_master_ip_0/inst/Lab2_master_ip_v1_0_S00_AXI_inst/p_1_in[7]                                                                                                                                                                                  | master_ip_system_i/Lab2_master_ip_0/inst/Lab2_master_ip_v1_0_S00_AXI_inst/axi_awready_i_1_n_0                                                                                                                                                                                         |                1 |              8 |
|  master_ip_system_i/processing_system7_0/inst/FCLK_CLK0 | master_ip_system_i/axi_mem_intercon/s00_couplers/auto_us/inst/gen_upsizer.gen_full_upsizer.axi_upsizer_inst/si_register_slice_inst/ar.ar_pipe/m_payload_i[31]_i_1__0_n_0                                                                                             |                                                                                                                                                                                                                                                                                       |                2 |              8 |
|  master_ip_system_i/processing_system7_0/inst/FCLK_CLK0 | master_ip_system_i/axi_mem_intercon/s00_couplers/auto_pc/inst/gen_axi4_axi3.axi3_conv_inst/USE_READ.USE_SPLIT_R.read_addr_inst/E[0]                                                                                                                                  | master_ip_system_i/axi_mem_intercon/s00_couplers/auto_pc/inst/gen_axi4_axi3.axi3_conv_inst/USE_WRITE.write_addr_inst/USE_BURSTS.cmd_queue/inst/SR[0]                                                                                                                                  |                2 |              9 |
|  master_ip_system_i/processing_system7_0/inst/FCLK_CLK0 | master_ip_system_i/axi_mem_intercon/s00_couplers/auto_pc/inst/gen_axi4_axi3.axi3_conv_inst/USE_WRITE.write_addr_inst/E[0]                                                                                                                                            | master_ip_system_i/axi_mem_intercon/s00_couplers/auto_pc/inst/gen_axi4_axi3.axi3_conv_inst/USE_WRITE.write_addr_inst/USE_BURSTS.cmd_queue/inst/SR[0]                                                                                                                                  |                2 |              9 |
|  master_ip_system_i/processing_system7_0/inst/FCLK_CLK0 | master_ip_system_i/axi_mem_intercon/s00_couplers/auto_pc/inst/gen_axi4_axi3.axi3_conv_inst/USE_WRITE.write_addr_inst/USE_B_CHANNEL.cmd_b_queue/inst/fifo_gen_inst/inst_fifo_gen/gconvfifo.rf/grf.rf/gntv_or_sync_fifo.gl0.wr/gwss.wsts/E[0]                          | master_ip_system_i/axi_mem_intercon/s00_couplers/auto_pc/inst/gen_axi4_axi3.axi3_conv_inst/USE_WRITE.write_addr_inst/USE_B_CHANNEL.cmd_b_queue/inst/fifo_gen_inst/inst_fifo_gen/gconvfifo.rf/grf.rf/rstblk/AR[0]                                                                      |                2 |             10 |
|  master_ip_system_i/processing_system7_0/inst/FCLK_CLK0 | master_ip_system_i/axi_mem_intercon/s00_couplers/auto_pc/inst/gen_axi4_axi3.axi3_conv_inst/USE_WRITE.write_addr_inst/USE_BURSTS.cmd_queue/inst/fifo_gen_inst/inst_fifo_gen/gconvfifo.rf/grf.rf/gntv_or_sync_fifo.gl0.wr/gwss.wsts/E[0]                               | master_ip_system_i/axi_mem_intercon/s00_couplers/auto_pc/inst/gen_axi4_axi3.axi3_conv_inst/USE_WRITE.write_addr_inst/USE_BURSTS.cmd_queue/inst/fifo_gen_inst/inst_fifo_gen/gconvfifo.rf/grf.rf/rstblk/AR[0]                                                                           |                3 |             10 |
|  master_ip_system_i/processing_system7_0/inst/FCLK_CLK0 |                                                                                                                                                                                                                                                                      | master_ip_system_i/ps7_0_axi_periph/s00_couplers/auto_pc/inst/gen_axilite.gen_b2s_conv.axilite_b2s/areset_d1                                                                                                                                                                          |                4 |             10 |
|  master_ip_system_i/processing_system7_0/inst/FCLK_CLK0 | master_ip_system_i/axi_mem_intercon/s00_couplers/auto_pc/inst/gen_axi4_axi3.axi3_conv_inst/USE_WRITE.write_addr_inst/USE_B_CHANNEL.cmd_b_queue/inst/fifo_gen_inst/inst_fifo_gen/gconvfifo.rf/grf.rf/gntv_or_sync_fifo.gl0.rd/gr1.gr1_int.rfwft/ram_empty_fb_i_reg[0] | master_ip_system_i/axi_mem_intercon/s00_couplers/auto_pc/inst/gen_axi4_axi3.axi3_conv_inst/USE_WRITE.write_addr_inst/USE_B_CHANNEL.cmd_b_queue/inst/fifo_gen_inst/inst_fifo_gen/gconvfifo.rf/grf.rf/rstblk/AR[0]                                                                      |                3 |             10 |
|  master_ip_system_i/processing_system7_0/inst/FCLK_CLK0 | master_ip_system_i/axi_mem_intercon/s00_couplers/auto_pc/inst/gen_axi4_axi3.axi3_conv_inst/USE_READ.USE_SPLIT_R.read_addr_inst/USE_R_CHANNEL.cmd_queue/inst/fifo_gen_inst/inst_fifo_gen/gconvfifo.rf/grf.rf/gntv_or_sync_fifo.gl0.rd/gr1.gr1_int.rfwft/E[0]          | master_ip_system_i/axi_mem_intercon/s00_couplers/auto_pc/inst/gen_axi4_axi3.axi3_conv_inst/USE_READ.USE_SPLIT_R.read_addr_inst/USE_R_CHANNEL.cmd_queue/inst/fifo_gen_inst/inst_fifo_gen/gconvfifo.rf/grf.rf/rstblk/ngwrdrst.grst.g7serrst.gnsckt_wrst.gcc_rst.sckt_wr_rst_cc_reg[1]_0 |                2 |             10 |
|  master_ip_system_i/processing_system7_0/inst/FCLK_CLK0 |                                                                                                                                                                                                                                                                      | master_ip_system_i/Lab2_master_ip_0/inst/Lab2_master_ip_v1_0_S00_AXI_inst/axi_awready_i_1_n_0                                                                                                                                                                                         |                4 |             10 |
|  master_ip_system_i/processing_system7_0/inst/FCLK_CLK0 | master_ip_system_i/axi_mem_intercon/s00_couplers/auto_pc/inst/gen_axi4_axi3.axi3_conv_inst/USE_WRITE.write_addr_inst/USE_BURSTS.cmd_queue/inst/fifo_gen_inst/inst_fifo_gen/gconvfifo.rf/grf.rf/gntv_or_sync_fifo.gl0.rd/gr1.gr1_int.rfwft/ram_empty_fb_i_reg[0]      | master_ip_system_i/axi_mem_intercon/s00_couplers/auto_pc/inst/gen_axi4_axi3.axi3_conv_inst/USE_WRITE.write_addr_inst/USE_BURSTS.cmd_queue/inst/fifo_gen_inst/inst_fifo_gen/gconvfifo.rf/grf.rf/rstblk/AR[0]                                                                           |                2 |             10 |
|  master_ip_system_i/processing_system7_0/inst/FCLK_CLK0 | master_ip_system_i/axi_mem_intercon/s00_couplers/auto_pc/inst/gen_axi4_axi3.axi3_conv_inst/USE_READ.USE_SPLIT_R.read_addr_inst/USE_R_CHANNEL.cmd_queue/inst/fifo_gen_inst/inst_fifo_gen/gconvfifo.rf/grf.rf/gntv_or_sync_fifo.gl0.wr/gwss.wsts/E[0]                  | master_ip_system_i/axi_mem_intercon/s00_couplers/auto_pc/inst/gen_axi4_axi3.axi3_conv_inst/USE_READ.USE_SPLIT_R.read_addr_inst/USE_R_CHANNEL.cmd_queue/inst/fifo_gen_inst/inst_fifo_gen/gconvfifo.rf/grf.rf/rstblk/ngwrdrst.grst.g7serrst.gnsckt_wrst.gcc_rst.sckt_wr_rst_cc_reg[1]_0 |                2 |             10 |
|  master_ip_system_i/processing_system7_0/inst/FCLK_CLK0 |                                                                                                                                                                                                                                                                      | master_ip_system_i/axi_mem_intercon/s00_couplers/auto_pc/inst/gen_axi4_axi3.axi3_conv_inst/USE_WRITE.write_addr_inst/USE_BURSTS.cmd_queue/inst/fifo_gen_inst/inst_fifo_gen/gconvfifo.rf/grf.rf/rstblk/AR[0]                                                                           |                2 |             12 |
|  master_ip_system_i/processing_system7_0/inst/FCLK_CLK0 |                                                                                                                                                                                                                                                                      | master_ip_system_i/axi_mem_intercon/s00_couplers/auto_pc/inst/gen_axi4_axi3.axi3_conv_inst/USE_READ.USE_SPLIT_R.read_addr_inst/USE_R_CHANNEL.cmd_queue/inst/fifo_gen_inst/inst_fifo_gen/gconvfifo.rf/grf.rf/rstblk/ngwrdrst.grst.g7serrst.gnsckt_wrst.gcc_rst.sckt_wr_rst_cc_reg[1]_0 |                3 |             12 |
|  master_ip_system_i/processing_system7_0/inst/FCLK_CLK0 |                                                                                                                                                                                                                                                                      | master_ip_system_i/axi_mem_intercon/s00_couplers/auto_pc/inst/gen_axi4_axi3.axi3_conv_inst/USE_WRITE.write_addr_inst/USE_B_CHANNEL.cmd_b_queue/inst/fifo_gen_inst/inst_fifo_gen/gconvfifo.rf/grf.rf/rstblk/AR[0]                                                                      |                2 |             12 |
|  master_ip_system_i/processing_system7_0/inst/FCLK_CLK0 | master_ip_system_i/ps7_0_axi_periph/s00_couplers/auto_pc/inst/gen_axilite.gen_b2s_conv.axilite_b2s/RD.ar_channel_0/ar_cmd_fsm_0/m_valid_i_reg                                                                                                                        |                                                                                                                                                                                                                                                                                       |                8 |             13 |
|  master_ip_system_i/processing_system7_0/inst/FCLK_CLK0 | master_ip_system_i/ps7_0_axi_periph/s00_couplers/auto_pc/inst/gen_axilite.gen_b2s_conv.axilite_b2s/RD.r_channel_0/r_push_r                                                                                                                                           |                                                                                                                                                                                                                                                                                       |                4 |             13 |
|  master_ip_system_i/processing_system7_0/inst/FCLK_CLK0 | master_ip_system_i/ps7_0_axi_periph/s00_couplers/auto_pc/inst/gen_axilite.gen_b2s_conv.axilite_b2s/SI_REG/b.b_pipe/p_1_in                                                                                                                                            |                                                                                                                                                                                                                                                                                       |                3 |             14 |
|  master_ip_system_i/processing_system7_0/inst/FCLK_CLK0 | master_ip_system_i/ps7_0_axi_periph/s00_couplers/auto_pc/inst/gen_axilite.gen_b2s_conv.axilite_b2s/SI_REG/b.b_pipe/s_ready_i_reg_0                                                                                                                                   |                                                                                                                                                                                                                                                                                       |                3 |             14 |
|  master_ip_system_i/processing_system7_0/inst/FCLK_CLK0 |                                                                                                                                                                                                                                                                      | master_ip_system_i/axi_mem_intercon/s00_couplers/auto_pc/inst/gen_axi4_axi3.axi3_conv_inst/USE_WRITE.write_addr_inst/USE_BURSTS.cmd_queue/inst/SR[0]                                                                                                                                  |                9 |             16 |
|  master_ip_system_i/processing_system7_0/inst/FCLK_CLK0 | master_ip_system_i/ps7_0_axi_periph/s00_couplers/auto_pc/inst/gen_axilite.gen_b2s_conv.axilite_b2s/WR.aw_channel_0/aw_cmd_fsm_0/b_push                                                                                                                               |                                                                                                                                                                                                                                                                                       |                3 |             16 |
|  master_ip_system_i/processing_system7_0/inst/FCLK_CLK0 | master_ip_system_i/axi_mem_intercon/s00_couplers/auto_us/inst/gen_upsizer.gen_full_upsizer.axi_upsizer_inst/USE_READ.read_addr_inst/gen_id_queue.id_queue/valid_Write                                                                                                |                                                                                                                                                                                                                                                                                       |                4 |             16 |
|  master_ip_system_i/processing_system7_0/inst/FCLK_CLK0 | master_ip_system_i/ps7_0_axi_periph/s00_couplers/auto_pc/inst/gen_axilite.gen_b2s_conv.axilite_b2s/WR.aw_channel_0/aw_cmd_fsm_0/m_axi_awready_1                                                                                                                      |                                                                                                                                                                                                                                                                                       |                6 |             17 |
|  master_ip_system_i/processing_system7_0/inst/FCLK_CLK0 | master_ip_system_i/axi_mem_intercon/s00_couplers/auto_us/inst/gen_upsizer.gen_full_upsizer.axi_upsizer_inst/USE_READ.read_addr_inst/GEN_CMD_QUEUE.cmd_queue/M_READY_I_0                                                                                              | master_ip_system_i/axi_mem_intercon/s00_couplers/auto_us/inst/gen_upsizer.gen_full_upsizer.axi_upsizer_inst/USE_WRITE.gen_non_fifo_w_upsizer.write_data_inst/s_axi_aresetn                                                                                                            |                5 |             17 |
|  master_ip_system_i/processing_system7_0/inst/FCLK_CLK0 | master_ip_system_i/ps7_0_axi_periph/s00_couplers/auto_pc/inst/gen_axilite.gen_b2s_conv.axilite_b2s/WR.aw_channel_0/aw_cmd_fsm_0/m_valid_i_reg[0]                                                                                                                     |                                                                                                                                                                                                                                                                                       |                7 |             27 |
|  master_ip_system_i/processing_system7_0/inst/FCLK_CLK0 | master_ip_system_i/ps7_0_axi_periph/s00_couplers/auto_pc/inst/gen_axilite.gen_b2s_conv.axilite_b2s/RD.ar_channel_0/ar_cmd_fsm_0/FSM_sequential_state_reg[1]_0[0]                                                                                                     |                                                                                                                                                                                                                                                                                       |                5 |             27 |
|  master_ip_system_i/processing_system7_0/inst/FCLK_CLK0 | master_ip_system_i/ps7_0_axi_periph/s00_couplers/auto_pc/inst/gen_axilite.gen_b2s_conv.axilite_b2s/SI_REG/ar.ar_pipe/s_ready_i_reg_0                                                                                                                                 |                                                                                                                                                                                                                                                                                       |                5 |             27 |
|  master_ip_system_i/processing_system7_0/inst/FCLK_CLK0 | master_ip_system_i/ps7_0_axi_periph/s00_couplers/auto_pc/inst/gen_axilite.gen_b2s_conv.axilite_b2s/SI_REG/aw.aw_pipe/s_ready_i_reg_0                                                                                                                                 |                                                                                                                                                                                                                                                                                       |                5 |             27 |
|  master_ip_system_i/processing_system7_0/inst/FCLK_CLK0 | master_ip_system_i/Lab2_master_ip_0/inst/Lab2_master_ip_v1_0_S00_AXI_inst/slv_reg_rden__0                                                                                                                                                                            | master_ip_system_i/Lab2_master_ip_0/inst/Lab2_master_ip_v1_0_S00_AXI_inst/axi_awready_i_1_n_0                                                                                                                                                                                         |                9 |             32 |
|  master_ip_system_i/processing_system7_0/inst/FCLK_CLK0 | master_ip_system_i/ps7_0_axi_periph/s00_couplers/auto_pc/inst/gen_axilite.gen_b2s_conv.axilite_b2s/RD.r_channel_0/rd_data_fifo_0/wr_en0                                                                                                                              |                                                                                                                                                                                                                                                                                       |                8 |             32 |
|  master_ip_system_i/processing_system7_0/inst/FCLK_CLK0 |                                                                                                                                                                                                                                                                      | master_ip_system_i/axi_mem_intercon/s00_couplers/auto_us/inst/gen_upsizer.gen_full_upsizer.axi_upsizer_inst/USE_WRITE.gen_non_fifo_w_upsizer.write_data_inst/s_axi_aresetn                                                                                                            |               17 |             35 |
|  master_ip_system_i/processing_system7_0/inst/FCLK_CLK0 | master_ip_system_i/ps7_0_axi_periph/s00_couplers/auto_pc/inst/gen_axilite.gen_b2s_conv.axilite_b2s/SI_REG/r.r_pipe/s_ready_i_reg_0                                                                                                                                   |                                                                                                                                                                                                                                                                                       |                8 |             45 |
|  master_ip_system_i/processing_system7_0/inst/FCLK_CLK0 | master_ip_system_i/ps7_0_axi_periph/s00_couplers/auto_pc/inst/gen_axilite.gen_b2s_conv.axilite_b2s/SI_REG/r.r_pipe/p_1_in                                                                                                                                            |                                                                                                                                                                                                                                                                                       |                7 |             45 |
|  master_ip_system_i/processing_system7_0/inst/FCLK_CLK0 |                                                                                                                                                                                                                                                                      |                                                                                                                                                                                                                                                                                       |               38 |            132 |
+---------------------------------------------------------+----------------------------------------------------------------------------------------------------------------------------------------------------------------------------------------------------------------------------------------------------------------------+---------------------------------------------------------------------------------------------------------------------------------------------------------------------------------------------------------------------------------------------------------------------------------------+------------------+----------------+


